MPLINK 4.31, Linker
Linker Map File - Created Sun Oct 29 22:22:07 2023

                                 Section Info
                  Section       Type    Address   Location Size(Bytes)
                ---------  ---------  ---------  ---------  ---------
                   .org_0       code   0x000000    program   0x0000e2
                   .cinit    romdata   0x000071    program   0x000004
      .config_2007_LEDS.O       code   0x002007    program   0x000002



                              Program Memory Usage 
                               Start         End      
                           ---------   ---------      
                            0x000000    0x000072      
                            0x002007    0x002007      
            116 out of 2183 program addresses used, program memory utilization is 5%



                              Symbols - Sorted by Name
                     Name    Address   Location    Storage File                     
                ---------  ---------  ---------  --------- ---------                
              APAGAR_LEDS   0x000016    program     static C:\Users\USUARIO\Desktop\arquitectura\tp-leds\leds.asm
                    BUCLE   0x00000a    program     static C:\Users\USUARIO\Desktop\arquitectura\tp-leds\leds.asm
       CONFIGURAR_PUERTOS   0x00000c    program     static C:\Users\USUARIO\Desktop\arquitectura\tp-leds\leds.asm
                DELAY_1MS   0x000059    program     static C:\Users\USUARIO\Desktop\arquitectura\tp-leds\leds.asm
                 DELAY_1S   0x000065    program     static C:\Users\USUARIO\Desktop\arquitectura\tp-leds\leds.asm
              DELAY_250MS   0x00005f    program     static C:\Users\USUARIO\Desktop\arquitectura\tp-leds\leds.asm
                 DELAY_5S   0x00006b    program     static C:\Users\USUARIO\Desktop\arquitectura\tp-leds\leds.asm
            ENCENDER_LEDS   0x000012    program     static C:\Users\USUARIO\Desktop\arquitectura\tp-leds\leds.asm
 ENCENDER_UNO_X_UNO_500MS   0x000025    program     static C:\Users\USUARIO\Desktop\arquitectura\tp-leds\leds.asm
     ENCENDER_Y_APAGAR_1S   0x00001a    program     static C:\Users\USUARIO\Desktop\arquitectura\tp-leds\leds.asm
ENCENDER_Y_APAGAR_1S_500MS   0x00001f    program     static C:\Users\USUARIO\Desktop\arquitectura\tp-leds\leds.asm
ENCENDER_Y_APAGAR_UPU_500MS   0x000037    program     static C:\Users\USUARIO\Desktop\arquitectura\tp-leds\leds.asm
                   INICIO   0x000002    program     static C:\Users\USUARIO\Desktop\arquitectura\tp-leds\leds.asm
                     LOOP   0x00005b    program     static C:\Users\USUARIO\Desktop\arquitectura\tp-leds\leds.asm
                   LOOP_2   0x000061    program     static C:\Users\USUARIO\Desktop\arquitectura\tp-leds\leds.asm
                   LOOP_3   0x000067    program     static C:\Users\USUARIO\Desktop\arquitectura\tp-leds\leds.asm
                   LOOP_4   0x00006d    program     static C:\Users\USUARIO\Desktop\arquitectura\tp-leds\leds.asm



                              Symbols - Sorted by Address
                     Name    Address   Location    Storage File                     
                ---------  ---------  ---------  --------- ---------                
                   INICIO   0x000002    program     static C:\Users\USUARIO\Desktop\arquitectura\tp-leds\leds.asm
                    BUCLE   0x00000a    program     static C:\Users\USUARIO\Desktop\arquitectura\tp-leds\leds.asm
       CONFIGURAR_PUERTOS   0x00000c    program     static C:\Users\USUARIO\Desktop\arquitectura\tp-leds\leds.asm
            ENCENDER_LEDS   0x000012    program     static C:\Users\USUARIO\Desktop\arquitectura\tp-leds\leds.asm
              APAGAR_LEDS   0x000016    program     static C:\Users\USUARIO\Desktop\arquitectura\tp-leds\leds.asm
     ENCENDER_Y_APAGAR_1S   0x00001a    program     static C:\Users\USUARIO\Desktop\arquitectura\tp-leds\leds.asm
ENCENDER_Y_APAGAR_1S_500MS   0x00001f    program     static C:\Users\USUARIO\Desktop\arquitectura\tp-leds\leds.asm
 ENCENDER_UNO_X_UNO_500MS   0x000025    program     static C:\Users\USUARIO\Desktop\arquitectura\tp-leds\leds.asm
ENCENDER_Y_APAGAR_UPU_500MS   0x000037    program     static C:\Users\USUARIO\Desktop\arquitectura\tp-leds\leds.asm
                DELAY_1MS   0x000059    program     static C:\Users\USUARIO\Desktop\arquitectura\tp-leds\leds.asm
                     LOOP   0x00005b    program     static C:\Users\USUARIO\Desktop\arquitectura\tp-leds\leds.asm
              DELAY_250MS   0x00005f    program     static C:\Users\USUARIO\Desktop\arquitectura\tp-leds\leds.asm
                   LOOP_2   0x000061    program     static C:\Users\USUARIO\Desktop\arquitectura\tp-leds\leds.asm
                 DELAY_1S   0x000065    program     static C:\Users\USUARIO\Desktop\arquitectura\tp-leds\leds.asm
                   LOOP_3   0x000067    program     static C:\Users\USUARIO\Desktop\arquitectura\tp-leds\leds.asm
                 DELAY_5S   0x00006b    program     static C:\Users\USUARIO\Desktop\arquitectura\tp-leds\leds.asm
                   LOOP_4   0x00006d    program     static C:\Users\USUARIO\Desktop\arquitectura\tp-leds\leds.asm


